MONITOR.start 0xe000 f
MONITOR.mon_hexb 0xe003 f
MONITOR.mon_con_status 0xe006 f
MONITOR.mon_con_in 0xe009 f
MONITOR.mon_con_out 0xe00c f
MONITOR.mon_serial_in 0xe00f f
MONITOR.mon_serial_out 0xe012 f
MONITOR.mon_char_print 0xe015 f
MONITOR.mon_tape_read 0xe018 f
MONITOR.mon_tape_write 0xe01b f
MONITOR.mon_ram_disk_read 0xe01e f
MONITOR.mon_ram_disk_write 0xe021 f
MONITOR.mon_tape_read_ram 0xe024 f
MONITOR.mon_tape_write_ram 0xe027 f
MONITOR.mon_tape_wait 0xe02a f
MONITOR.mon_tape_detect 0xe02d f
MONITOR.mon_read_floppy 0xe030 f
MONITOR.mon_write_floppy 0xe033 f
MONITOR.mon_out_strz 0xe036 f
MONITOR.m_hot_start 0xe039 f
MONITOR.m_hot_start.fill_video 0xe054 f
MONITOR.m_hot_start.conf_uart 0xe08f f
MONITOR.m_hot_start.conf_pic 0xe0a2 f
MONITOR.m_out_strz 0xe0d9 f
MONITOR.mgs_system_nf 0xe0e4 f
MONITOR.m_sys_halt 0xe0f9 f
MONITOR.m_con_status 0xe0fa f
MONITOR.m_serial_in 0xe104 f
MONITOR.m_con_in 0xe110 f
MONITOR.m_serial_out 0xe125 f
MONITOR.m_char_print 0xe130 f
MONITOR.m_char_print.wait_lp 0xe13e f
MONITOR.m_con_out 0xe14a f
MONITOR.m_con_out_int 0xe154 f
MONITOR.get_esc_param 0xe16e f
MONITOR.esc_no_draw_fn 0xe1a8 f
MONITOR.esc_exit 0xe1ad f
MONITOR.esc_params_tab 0xe1b2 f
MONITOR.esc_handler_tab 0xe1c2 f
MONITOR.esc_set_beep 0xe1e0 f
MONITOR.esc_set_cursor2 0xe1f5 f
MONITOR.esc_print_screen 0xe1f8 f
MONITOR.esc_print_screen.chk_keys 0xe207 f
MONITOR.esc_print_screen.no_keys 0xe214 f
MONITOR.m_print_hor_line 0xe221 f
MONITOR.m_print_hor_line.print_next_col 0xe22f f
MONITOR.m_print_cmd 0xe25d f
MONITOR.m_print_cmd.print_nxt 0xe25e f
MONITOR.m_print_cmd.cmd_end 0xe26c f
MONITOR.m_print_vert_7pix 0xe26e f
MONITOR.cmd_esc_inc_Y2 0xe28c f
MONITOR.cmd_esc_set_X0 0xe290 f
MONITOR.cmd_esc_set_X 0xe295 f
MONITOR.cmd_esc_print_col 0xe298 f
MONITOR.m_get_7vpix 0xe29b f
MONITOR.m_get_7vpix.calc_pix_no 0xe2a5 f
MONITOR.m_get_7vpix.for_all_pix 0xe2c3 f
MONITOR.m_get_7vpix.all_shifted 0xe2d0 f
MONITOR.m_get_7vpix.not_1_1 0xe2d9 f
MONITOR.m_get_7vpix.not_1_2 0xe2e1 f
MONITOR.esc_set_palette 0xe2e5 f
MONITOR.esp_no_colr 0xe2fa f
MONITOR.esc_set_charset 0xe2fe f
MONITOR.m_get_glyph 0xe307 f
MONITOR.m_get_glyph.cp_rus 0xe327 f
MONITOR.m_get_glyph.cp_common 0xe32b f
MONITOR.m_print_no_esc 0xe330 f
MONITOR.m_print_no_esc.l1 0xe35e f
MONITOR.m_print_no_esc.l2 0xe368 f
MONITOR.m_print_no_esc.l3 0xe370 f
MONITOR.m_print_no_esc.l4 0xe378 f
MONITOR.m_print_no_esc.l5 0xe37d f
MONITOR.m_print_no_esc.sym_draw 0xe381 f
MONITOR.m_print_no_esc.pne_l7 0xe38c f
MONITOR.m_print_no_esc.pne_l8 0xe391 f
MONITOR.m40_rt 0xe3d5 f
MONITOR.m40_wrap_rt 0xe3e0 f
MONITOR.m40_lf 0xe3ec f
MONITOR.m40_bksp 0xe3f6 f
MONITOR.m40_bksp.wrap 0xe404 f
MONITOR.m40_up 0xe408 f
MONITOR.m40_up.up_no_minus 0xe410 f
MONITOR.m20_tab 0xe412 f
MONITOR.calc_addr_40 0xe420 f
MONITOR.calc_addr_40.l1 0xe43b f
MONITOR.calc_addr_40.l2 0xe441 f
MONITOR.m2_lf 0xe44b f
MONITOR.m2_lf.lf_nowr 0xe455 f
MONITOR.m2_lf.cas_l5 0xe462 f
MONITOR.m2_lf.cas_l6 0xe467 f
MONITOR.m2_lf.cas_l7 0xe47d f
MONITOR.m2_lf.cas_l8 0xe482 f
MONITOR.m20_bksp 0xe492 f
MONITOR.mp_mode_64 0xe49f f
MONITOR.mp_mode_64.next_row 0xe4ba f
MONITOR.m64_rt 0xe4ce f
MONITOR.m64_lf 0xe4d7 f
MONITOR.scroll_up 0xe4e1 f
MONITOR.scroll_up.next_row 0xe4f9 f
MONITOR.scroll_up.next_col 0xe4fb f
MONITOR.m64_bs 0xe50b f
MONITOR.m64_up 0xe516 f
MONITOR.m64_up.no_wrap 0xe51e f
MONITOR.m64_tab 0xe520 f
MONITOR.mp_mode_80 0xe52c f
MONITOR.mp_mode_80.l1 0xe545 f
MONITOR.mp_mode_80.l2 0xe554 f
MONITOR.mp_mode_80.l3 0xe575 f
MONITOR.mp_mode_80.l4 0xe59a f
MONITOR.mp_mode_80.l5 0xe59b f
MONITOR.mp_mode_80.l6 0xe5ab f
MONITOR.m80_rt 0xe5b6 f
MONITOR.m80_col_wrap 0xe5c1 f
MONITOR.m80_lf 0xe5c5 f
MONITOR.m80_bs 0xe5cf f
MONITOR.m80_bs.wrap 0xe5dd f
MONITOR.m80_up 0xe5e1 f
MONITOR.m80_up.no_wrap 0xe5e9 f
MONITOR.m80_tab 0xe5eb f
MONITOR.calc_addr_80 0xe5f9 f
MONITOR.mns_l1 0xe614 f
MONITOR.mns_ep_fm_0 0xe61a f
MONITOR.m_clear_screen 0xe620 f
MONITOR.m_clear_screen.fill_scrn 0xe639 f
MONITOR.m_clear_screen.mono_mode 0xe650 f
MONITOR.m_cursor_home 0xe653 f
MONITOR.m_clear_20_rows 0xe660 f
MONITOR.m_clear_20_rows.next_row 0xe66a f
MONITOR.m_clear_20_rows.next_col 0xe66f f
MONITOR.m_draw_cursor 0xe681 f
MONITOR.m_draw_cursor.dc_rt2 0xe6b6 f
MONITOR.m_draw_cursor.dc_mid 0xe6be f
MONITOR.m_draw_cursor.dc_lt 0xe6c4 f
MONITOR.m_draw_cursor.dc_rt1 0xe6ca f
MONITOR.m_draw_cursor.dc_put 0xe6cd f
MONITOR.m_draw_cursor.dc_mode_64 0xe6ea f
MONITOR.m_draw_cursor.cur_64_next 0xe708 f
MONITOR.m_draw_cursor.dc_mode_80 0xe716 f
MONITOR.m_draw_cursor.dc_1_byte 0xe745 f
MONITOR.m_draw_cursor.dc_2_byte 0xe750 f
MONITOR.m_draw_cursor.dc_80_end 0xe75d f
MONITOR.m_handle_esc_code 0xe763 f
MONITOR.m_handle_control_code 0xe771 f
MONITOR.handle_cc_common 0xe7ab f
MONITOR.handle_cc_common.handle_cc_mono 0xe7e6 f
MONITOR.handle_cc_80x25 0xe81a f
MONITOR.m_beep 0xe841 f
MONITOR.m_bell_cont 0xe856 f
MONITOR.m_bell_wait_tmr1 0xe860 f
MONITOR.m_bell_wait_tmr2 0xe86d f
MONITOR.esc_set_cursor 0xe877 f
MONITOR.esc_set_cursor.mode_40 0xe8ac f
MONITOR.esc_set_cursor.mode_80 0xe8b7 f
MONITOR.esc_set_cursor.common 0xe8bf f
MONITOR.esc_le_24 0xe8cc f
MONITOR.esc_set_vmode 0xe8d6 f
MONITOR.esc_set_vmode.set_color_mode 0xe8fc f
MONITOR.esc_set_vmode.skip_for_mono_mode 0xe8fe f
MONITOR.esc_set_vmode.draw_cursor 0xe907 f
MONITOR.esc_set_vmode.cursor_hide 0xe90b f
MONITOR.esc_set_vmode.cursor_show 0xe915 f
MONITOR.esc_set_color 0xe91c f
MONITOR.m_set_color 0xe91f f
MONITOR.m_print_at_xy 0xe930 f
MONITOR.m_print_at_xy.mode_sp 0xe973 f
MONITOR.m_print_at_xy.out_sp 0xe988 f
MONITOR.m_print_at_xy.next_line 0xe98f f
MONITOR.m_print_at_xy.l04 0xe99c f
MONITOR.m_print_at_xy.l05 0xe9a1 f
MONITOR.m_print_at_xy.sprites_en 0xe9cf f
MONITOR.mode2_exit 0xe9d3 f
MONITOR.co_ex_l08 0xe9da f
MONITOR.out_no_xor 0xe9de f
MONITOR.out_no_xor.l10 0xe9eb f
MONITOR.out_no_xor.l11 0xe9f0 f
MONITOR.game_sprite_tab 0xea26 f
MONITOR.calc_px_addr 0xeb46 f
MONITOR.esc_draw_fill_rect 0xeb59 f
MONITOR.dfr_l1 0xeb73 f
MONITOR.dfr_l2 0xeb82 f
MONITOR.dfr_l3 0xeb91 f
MONITOR.dfr_l4 0xeb9b f
MONITOR.dfr_l5 0xeb9c f
MONITOR.dfr_l6 0xebb2 f
MONITOR.dfr_l7 0xebb8 f
MONITOR.dfr_complete 0xebc7 f
MONITOR.esc_paint 0xebd4 f
MONITOR.esc_paint.l1 0xec13 f
MONITOR.ep_fm_0 0xec47 f
MONITOR.ep_task_end 0xec56 f
MONITOR.ep_l4 0xec71 f
MONITOR.ep_l5 0xec79 f
MONITOR.ep_l6 0xec81 f
MONITOR.ep_f_fast 0xec93 f
MONITOR.ep_l8 0xeca1 f
MONITOR.ep_l9 0xecd9 f
MONITOR.ep_l10 0xece8 f
MONITOR.ep_l11 0xecf9 f
MONITOR.paint_find_next_right 0xed33 f
MONITOR.paint_find_next_right.l1 0xed40 f
MONITOR.paint_find_next_right.l2 0xed4c f
MONITOR.paint_find_next_left 0xed56 f
MONITOR.paint_find_next_left.l1 0xed63 f
MONITOR.paint_find_next_left.l2 0xed6f f
MONITOR.ep_l12 0xed79 f
MONITOR.ep_l13 0xed92 f
MONITOR.ep_l14 0xeda4 f
MONITOR.ep_l15 0xedad f
MONITOR.ep_l16 0xedb6 f
MONITOR.paint_find_right 0xedb9 f
MONITOR.paint_find_right.in_byte 0xedc6 f
MONITOR.paint_find_left 0xedd4 f
MONITOR.paint_find_left.in_byte 0xede0 f
MONITOR.get_pixel 0xedee f
MONITOR.get_pixel.bit1_set 0xee04 f
MONITOR.get_pixel.bit2_set 0xee13 f
MONITOR.get_pixel.bit12_set 0xee1b f
MONITOR.paint_task 0xee23 f
MONITOR.paint_task.lmp_mask 0xee3a f
MONITOR.paint_task.rmp_mask 0xee53 f
MONITOR.paint_task.lmi_mask 0xee5f f
MONITOR.paint_task.rmi_mask 0xee68 f
MONITOR.paint_exit 0xee82 f
MONITOR.draw_line_h 0xee8d f
MONITOR.draw_line_h.next_byte 0xee98 f
MONITOR.draw_line_h.width_ne0 0xee99 f
MONITOR.draw_line_h.r_mask 0xeeb1 f
MONITOR.draw_line_h.full_8 0xeeb7 f
MONITOR.draw_line_h.complete 0xeec2 f
MONITOR.esc_draw_line 0xeec7 f
MONITOR.esc_draw_line.x1_le_x2 0xeed7 f
MONITOR.esc_draw_line.pos_height 0xeee7 f
MONITOR.esc_draw_line.next_16 0xef01 f
MONITOR.esc_draw_line.edl_l4 0xef0d f
MONITOR.esc_draw_line.edl_l5 0xef10 f
MONITOR.esc_draw_line.roll_l 0xef23 f
MONITOR.esc_draw_line.edl_l7 0xef2a f
MONITOR.esc_draw_line.next_up 0xef45 f
MONITOR.esc_draw_line.next_down 0xef5b f
MONITOR.esc_draw_line.is_last 0xef71 f
MONITOR.esc_draw_line.edl_l11 0xef7f f
MONITOR.esc_draw_line.width0 0xef87 f
MONITOR.esc_draw_line.edl_l13 0xef8d f
MONITOR.esc_draw_line.next_row_up 0xefa1 f
MONITOR.esc_draw_line.next_row_down 0xefb7 f
MONITOR.close_vram_ret 0xefcd f
MONITOR.height0 0xefd2 f
MONITOR.height0.len_ne0 0xefda f
MONITOR.height0.edl_l19 0xefdf f
MONITOR.height0.next_col 0xefef f
MONITOR.height0.edl_l21 0xf004 f
MONITOR.esc_draw_dot 0xf00e f
MONITOR.edd_l1 0xf017 f
MONITOR.edd_ep_fm_0 0xf040 f
MONITOR.edd_ep_task_end 0xf059 f
MONITOR.dfr_sub1 0xf060 f
MONITOR.dfr_s1_l1 0xf074 f
MONITOR.dfr_s1_l2 0xf085 f
MONITOR.dfr_s1_l3 0xf08a f
MONITOR.dfr_s1_l4 0xf09d f
MONITOR.dfr_sub2 0xf0a8 f
MONITOR.esc_get_put_image 0xf0b5 f
MONITOR.gpi_l1 0xf0df f
MONITOR.gpi_l2 0xf0f1 f
MONITOR.gpi_l3 0xf102 f
MONITOR.gpi_l4 0xf108 f
MONITOR.gpi_l5 0xf117 f
MONITOR.esc_picture 0xf121 f
MONITOR.esc_picture.l1 0xf140 f
MONITOR.esc_picture.l2 0xf15a f
MONITOR.esc_picture.l3 0xf179 f
MONITOR.esc_picture.l4 0xf17b f
MONITOR.esc_picture.l5 0xf185 f
MONITOR.esc_picture.l6 0xf193 f
MONITOR.esc_picture.l7 0xf1b0 f
MONITOR.esc_picture.l8 0xf1bd f
MONITOR.esc_picture.l9 0xf1c7 f
MONITOR.esc_picture.l10 0xf1da f
MONITOR.esc_picture.l11 0xf1e2 f
MONITOR.esc_picture.l12 0xf1e4 f
MONITOR.esc_picture.l13 0xf1f7 f
MONITOR.esc_picture.l14 0xf201 f
MONITOR.esc_picture.l15 0xf203 f
MONITOR.esc_picture.l16 0xf216 f
MONITOR.esc_picture.l17 0xf220 f
MONITOR.esc_picture.l18 0xf22e f
MONITOR.esc_picture.l19 0xf239 f
MONITOR.esc_picture.l20 0xf24a f
MONITOR.esc_picture.l21 0xf254 f
MONITOR.esc_picture.l22 0xf262 f
MONITOR.esc_picture.l23 0xf293 f
MONITOR.esc_picture.l24 0xf29d f
MONITOR.esc_picture.l25 0xf29e f
MONITOR.esc_picture.l26 0xf2ac f
MONITOR.esc_picture.l27 0xf2ad f
MONITOR.esc_picture.l28 0xf2c0 f
MONITOR.esc_picture.l29 0xf2c6 f
MONITOR.esc_picture.l30 0xf2d5 f
MONITOR.close_video_access 0xf2dc f
MONITOR.esc_draw_circle 0xf2e1 f
MONITOR.esc_draw_circle.l1 0xf2fe f
MONITOR.esc_draw_circle.l2 0xf315 f
MONITOR.esc_draw_circle.l3 0xf337 f
MONITOR.dc_draw_8px 0xf340 f
MONITOR.dc_aspect_ratio_1 0xf35c f
MONITOR.dc_aspect_ratio_1.dc_ax_ne0 0xf36c f
MONITOR.dc_aspect_ratio_1.dc_ay_ne0 0xf375 f
MONITOR.dc_aspect_ratio2 0xf37c f
MONITOR.dc_aspect_ratio2.dc_ax_ne0 0xf38c f
MONITOR.dc_aspect_ratio2.dc_ay_ne0 0xf395 f
MONITOR.dc_mul_e_h 0xf39c f
MONITOR.dc_mul_e_h.l1 0xf3a4 f
MONITOR.dc_mul_e_h.l2 0xf3a9 f
MONITOR.dc_mul_e_h.l3 0xf3ae f
MONITOR.dc_mul_e_h.l4 0xf3b3 f
MONITOR.dc_mul_e_h.l5 0xf3b8 f
MONITOR.dc_mul_e_h.l6 0xf3bd f
MONITOR.dc_mul_e_h.l7 0xf3c2 f
MONITOR.dc_mul_e_h.l8 0xf3c7 f
MONITOR.dc_draw_4px_bc 0xf3c9 f
MONITOR.dc_draw_4px_bc.l1 0xf3d5 f
MONITOR.dc_draw_4px_bc.l2 0xf3e1 f
MONITOR.dc_draw_4px_bc.l3 0xf3ed f
MONITOR.dc_draw_4px_cb 0xf3f8 f
MONITOR.dc_draw_4px_cb.l1 0xf404 f
MONITOR.dc_draw_4px_cb.l2 0xf410 f
MONITOR.dc_draw_4px_cb.l3 0xf41c f
MONITOR.dc_put_pixel 0xf427 f
MONITOR.dc_put_pixel.roll 0xf42f f
MONITOR.m_font_cp0 0xf451 f
MONITOR.m_font_cp1 0xf6f1 f
MONITOR.conv_nibble 0xf8b1 f
MONITOR.m_hexb 0xf8bb f
MONITOR.out_hex 0xf8c4 f
MONITOR.m_tape_write_ram2 0xf8cb f
MONITOR.m_tape_write_ram2.cl_stack 0xf8d0 f
MONITOR.m_tape_write_ram2.nxt_blk 0xf8f2 f
MONITOR.twr2_delay 0xf908 f
MONITOR.twr2_delay.delay 0xf90b f
MONITOR.m_tape_read_ram2 0xf912 f
MONITOR.m_tape_read_ram2.srch_first 0xf91d f
MONITOR.m_tape_read_ram2.rd_next 0xf93b f
MONITOR.m_tape_read_ram2.not_found 0xf95a f
MONITOR.m_tape_read_ram2.rd_error 0xf961 f
MONITOR.m_tape_read_ram2.inv_id 0xf976 f
MONITOR.m_tape_read_ram2.err_ubi 0xf982 f
MONITOR.m_tape_read_ram2.err_ibu 0xf98a f
MONITOR.m_tape_read_ram2.end 0xf98b f
MONITOR.out_hexw 0xf992 f
MONITOR.msg_no_start_rec 0xf99d f
MONITOR.msg_checksum 0xf9ad f
MONITOR.msg_sequence 0xf9b7 f
MONITOR.msg_ibg 0xf9c1 f
MONITOR.msg_break 0xf9c5 f
MONITOR.me_out_strz 0xf9cb f
MONITOR.m_ramdisk_read 0xf9d8 f
MONITOR.m_ramdisk_read.read 0xf9ea f
MONITOR.m_ramdisk_write 0xfa02 f
MONITOR.m_ramdisk_write.wr_byte 0xfa14 f
MONITOR.m_tape_write 0xfa2c f
MONITOR.m_tape_write.l1 0xfa43 f
MONITOR.m_tape_write.set_lvl 0xfa55 f
MONITOR.m_tape_write.l2 0xfa65 f
MONITOR.m_tape_write.next_byte 0xfa83 f
MONITOR.m_tape_write.wait_end 0xfa95 f
MONITOR.m_tape_wr_byte 0xfaa3 f
MONITOR.m_tape_wr_byte.get_bit 0xfaaa f
MONITOR.m_tape_wr_byte.wait_t 0xfab0 f
MONITOR.m_tape_wr_byte.out_bit 0xface f
MONITOR.m_tape_wr_byte.bit_hi 0xfad6 f
MONITOR.m_tape_wr_byte.out_bit_hi 0xfaf4 f
MONITOR.m_tape_read 0xfafc f
MONITOR.m_tape_read.wait_3_changes 0xfb0e f
MONITOR.m_tape_read.wait_4th_change 0xfb1f f
MONITOR.m_tape_read.wait_f5_marker 0xfb2e f
MONITOR.m_tape_read.read_next_b 0xfb52 f
MONITOR.m_tape_read.checksum_ok 0xfb6b f
MONITOR.m_tape_read.return 0xfb6c f
MONITOR.m_tape_read.err_read_blk 0xfb6f f
MONITOR.m_tape_read.err_read_id 0xfb73 f
MONITOR.m_tape_read.key_pressed 0xfb78 f
MONITOR.m_tape_read_byte 0xfb83 f
MONITOR.m_tape_read_byte.next_bit 0xfb86 f
MONITOR.m_tape_read_byte.ret_err 0xfb9b f
MONITOR.m_read_tape_bit 0xfb9d f
MONITOR.m_read_tape_bit.wait_change 0xfba2 f
MONITOR.read_tape_bit_kbd 0xfbc0 f
MONITOR.read_tape_bit_kbd.wait_change 0xfbc5 f
MONITOR.read_tape_bit_kbd.key_pressed 0xfbea f
MONITOR.m_tape_wait 0xfbed f
MONITOR.m_tape_wait.wait_t4 0xfbf1 f
MONITOR.m_tape_wait.wait_next_2ms 0xfbf7 f
MONITOR.m_tape_wait.wait_tmr_key 0xfc02 f
MONITOR.m_tape_wait.wait_no_rst4 0xfc1b f
MONITOR.m_tape_wait.key_pressed 0xfc22 f
MONITOR.m_tape_blk_detect 0xfc2a f
MONITOR.fdc_unload_head 0xfc33 f
MONITOR.fdc_unload_head.wait_no_busy 0xfc3d f
MONITOR.fdc_unload_head.tr0_ok 0xfc4f f
MONITOR.fdc_unload_head.b1 0xfc5e f
MONITOR.m_select_drive 0xfc66 f
MONITOR.m_select_drive.sel_A 0xfc74 f
MONITOR.m_select_drive.sel_B 0xfc76 f
MONITOR.m_select_drive.dpar_a 0xfc8b f
MONITOR.m_select_drive.dpar_b 0xfc8e f
MONITOR.m_select_drive.l_le 0xfcaa f
MONITOR.delay_136uS 0xfcb9 f
MONITOR.delay_b 0xfcbb f
MONITOR.delay_1.4mS 0xfcc0 f
MONITOR.m_read_floppy 0xfcc5 f
MONITOR.m_write_floppy 0xfcd8 f
MONITOR.m_start_seek_track 0xfceb f
MONITOR.m_start_floppy 0xfcf4 f
MONITOR.m_start_floppy.need_m_start 0xfd00 f
MONITOR.m_start_floppy.wait_motor 0xfd0b f
MONITOR.m_start_floppy.wait_rdy1 0xfd12 f
MONITOR.m_start_floppy.long_delay 0xfd24 f
MONITOR.m_start_floppy.mst_exi 0xfd2a f
MONITOR.fdc_init 0xfd2c f
MONITOR.m_fdc_seek_trk 0xfd38 f
MONITOR.m_fdc_seek_trk.drv_b 0xfd51 f
MONITOR.m_fdc_seek_trk.cmn 0xfd62 f
MONITOR.m_fdc_seek_trk.l1 0xfd8a f
MONITOR.m_fdc_seek_trk.l2 0xfd9b f
MONITOR.m_fdc_seek_trk.l3 0xfdb2 f
MONITOR.m_fdc_seek_trk.l4 0xfdb5 f
MONITOR.m_fdc_write_bytes 0xfdbb f
MONITOR.m_fdc_write_bytes.w_next 0xfdbe f
MONITOR.m_fdc_read_c_bytes 0xfdcc f
MONITOR.m_fdc_read_c_bytes.l1 0xfdd2 f
MONITOR.m_fdc_read_c_bytes.l2 0xfdd4 f
MONITOR.fdc_check_status 0xfde0 f
MONITOR.fdc_ret 0xfdea f
MONITOR.filler1 0xfdeb f
MONITOR.LAST 0xfded l
MONITOR.CODE_SIZE 0x1ded l
MONITOR.FILL_SIZE 0x213 l
MONITOR.FILLER 0xfded f
